[www.glemcoparts.com/index.html]
[backblue.gif]
[fade.gif]
[index.html]
[www.glemcoparts.com/StyleSheets/ModuleStyleSheets.css]
[www.glemcoparts.com/images/logo-small.jpg]
[www.glemcoparts.com/css/skdslider.css]
[www.glemcoparts.com/css/menu-css.css]
[cdn.dcodes.net/2/scroll_to_top/css/dc_ui.totop.css]
[www.glemcoparts.com/css/style2.css]
[www.glemcoparts.com/css/style3.css]
[www.glemcoparts.com/css/style4.css]
[www.glemcoparts.com/css/style1.css]
[code.jquery.com/jquery-1.10.2.min.js]
[www.glemcoparts.com/js/js1.js]
[www.glemcoparts.com/js/js2.js]
[www.partslogistics.com/sites/all/modules/jquery_update/replace/jquery/1.10/jquery.min.js]
[www.glemcoparts.com/CatalystScripts/Java_Box9aa6.js]
[www.glemcoparts.com/product-search.html]
[code.jquery.com/jquery-1.11.2.min.js]
[www.glemcoparts.com/images/glemco top logo.png]
[www.glemcoparts.com/images/slides/banner4.jpg]
[www.glemcoparts.com/images/slides/banner2.jpg]
[www.glemcoparts.com/images/slides/banner3.jpg]
[www.glemcoparts.com/images/services4.png]
[www.glemcoparts.com/images/services1.png]
[www.glemcoparts.com/images/services3.png]
[www.glemcoparts.com/images/services2.png]
[www.glemcoparts.com/images/services5.png]
[www.glemcoparts.com/images/tanks.png]
[www.glemcoparts.com/images/iso.png]
[www.glemcoparts.com/images/slides/banner5.jpg]
[www.glemcoparts.com/images/supplying-miltary-parts.png]
[www.glemcoparts.com/images/services.png]
[www.glemcoparts.com/images/government-services.png]
[www.glemcoparts.com/images/about-glemco.png]
[www.glemcoparts.com/images/contact-us-logo.png]
[www.glemcoparts.com/images/product-search.png]
[www.glemcoparts.com/CatalystScripts/ValidationFunctionse2ce.js]
[www.glemcoparts.com/CatalystScripts/ValidationFunctions5b2d.js]
[www.glemcoparts.com/js/jquery.easing.1.3.js]
[www.glemcoparts.com/js/skdslider.min.js]
[www.glemcoparts.com/js/script.js]
[www.glemcoparts.com/CatalystScripts/ValidationFunctions9aa6.js]
[www.glemcoparts.com/js/jquery.scrollbox.js]
[cdn.dcodes.net/2/jquery.easing.js]
[cdn.dcodes.net/2/scroll_to_top/js/dc_ui.totop.js]
[www.glemcoparts.com/index.html]
[www.glemcoparts.com/CatalystImages/ok.png]
[www.glemcoparts.com/CatalystImages/shop_bg-browse-panel.png]
[www.glemcoparts.com/CatalystImages/error.png]
[www.glemcoparts.com/StyleSheets/ModuleStyleSheets.css]
[www.glemcoparts.com/images/banner/slide-bg.png]
[www.glemcoparts.com/images/banner/slide-bg-active.png]
[www.glemcoparts.com/images/banner/left.png]
[www.glemcoparts.com/images/banner/right.png]
[www.glemcoparts.com/images/banner/play.png]
[www.glemcoparts.com/css/skdslider.css]
[www.glemcoparts.com/css/menu-css.css]
[www.glemcoparts.com/images/banner/pause.png]
[cdn.dcodes.net/2/scroll_to_top/images/ui.totop.png]
[cdn.dcodes.net/2/scroll_to_top/css/dc_ui.totop.css]
[www.glemcoparts.com/throbber-inactive.png]
[www.glemcoparts.com/throbber-active.gif]
[www.glemcoparts.com/grippie.png]
[www.glemcoparts.com/draggable.png]
[www.glemcoparts.com/tree.png]
[www.glemcoparts.com/tree-bottom.png]
[www.glemcoparts.com/menu-expanded.png]
[www.glemcoparts.com/menu-collapsed.png]
[www.glemcoparts.com/menu-leaf.png]
[www.glemcoparts.com/message-24-ok.png]
[www.glemcoparts.com/message-24-warning.png]
[www.glemcoparts.com/message-24-error.png]
[www.glemcoparts.com/help.png]
[www.glemcoparts.com/progress.gif]
[www.glemcoparts.com/css/style2.css]
[www.glemcoparts.com/css/style3.css]
[www.glemcoparts.com/images/status-active.gif]
[www.glemcoparts.com/images/arrow-right.png]
[www.glemcoparts.com/images/arrow-left.png]
[www.glemcoparts.com/css/style4.css]
[www.glemcoparts.com/images/arrow-down.png]
[www.glemcoparts.com/font3/HelveticaNeueLTPro-Cn.eot]
[www.glemcoparts.com/font3/HelveticaNeueLTPro-Cn.woff]
[www.glemcoparts.com/font3/HelveticaNeueLTPro-Cn.ttf]
[www.glemcoparts.com/font3/HelveticaNeueLTPro-Cnd41d.eot]
[www.glemcoparts.com/images/list-bg.png]
[www.glemcoparts.com/images/slides/banner6.jpg]
[www.glemcoparts.com/images/slides/banner1.jpg]
[www.glemcoparts.com/images/rfq-li.png]
[www.glemcoparts.com/images/c-address.png]
[www.glemcoparts.com/images/brief-bg.png]
[www.glemcoparts.com/images/c-num.png]
[www.glemcoparts.com/images/c-call.png]
[www.glemcoparts.com/images/c-email.png]
[www.glemcoparts.com/images/search-bg.png]
[www.glemcoparts.com/css/style1.css]
[www.glemcoparts.com/images/glemco.png]
[www.glemcoparts.com/images/fax.png]
[www.glemcoparts.com/js/js1.js]
[www.glemcoparts.com/js/js2.js]
[www.glemcoparts.com/js/js2a.js]
[www.glemcoparts.com/pop-up/jquery-1.10.1.min.js]
[www.glemcoparts.com/pop-up/jquery.fancybox8cbb.js]
[www.glemcoparts.com/pop-up/jquery.fancybox8cbb.css]
[www.glemcoparts.com/index-2.html]
[www.glemcoparts.com/Default1d0c.html]
[www.glemcoparts.com/images/rfq-bg.png]
[www.glemcoparts.com/Default3233.html]
[www.glemcoparts.com/Default65b3.html]
[www.glemcoparts.com/Defaultc470.html]
[www.glemcoparts.com/Default3404.html]
[www.glemcoparts.com/product-search.html]
[www.glemcoparts.com/js/jquery.easing.1.3.js]
[www.glemcoparts.com/js/skdslider.min.js]
[www.glemcoparts.com/js/script.js]
[www.glemcoparts.com/js/jquery.scrollbox.js]
[www.glemcoparts.com/www.lakeviewblinds.com.au/blinds.html]
[www.glemcoparts.com/www.kullu-manali.co.in]
[www.glemcoparts.com/throbber-inactive.png]
[www.glemcoparts.com/throbber-active.gif]
[www.glemcoparts.com/grippie.png]
[www.glemcoparts.com/draggable.png]
[www.glemcoparts.com/tree.png]
[www.glemcoparts.com/tree-bottom.png]
[www.glemcoparts.com/menu-expanded.png]
[www.glemcoparts.com/menu-collapsed.png]
[www.glemcoparts.com/menu-leaf.png]
[www.glemcoparts.com/message-24-ok.png]
[www.glemcoparts.com/message-24-warning.png]
[www.glemcoparts.com/message-24-error.png]
[www.glemcoparts.com/help.png]
[www.glemcoparts.com/progress.gif]
[www.glemcoparts.com/images/about-us-bg.png]
[www.glemcoparts.com/has_js=1; path=/index.html]
[www.glemcoparts.com/js/js2a.js]
[www.glemcoparts.com/pop-up/jquery-1.10.1.min.js]
[www.glemcoparts.com/pop-up/jquery.fancybox8cbb.js]
[www.glemcoparts.com/pop-up/fancybox_sprite.png]
[www.glemcoparts.com/pop-up/fancybox_loading.gif]
[www.glemcoparts.com/pop-up/blank.gif]
[www.glemcoparts.com/pop-up/fancybox_overlay.png]
[www.glemcoparts.com/pop-up/fancybox_sprite@2x.png]
[www.glemcoparts.com/pop-up/fancybox_loading@2x.gif]
[www.glemcoparts.com/pop-up/jquery.fancybox8cbb.css]
[www.glemcoparts.com/index-2.html]
[www.glemcoparts.com/Defaultde97.html]
[www.glemcoparts.com/Default1d0c.html]
[www.glemcoparts.com/Default3233.html]
[www.glemcoparts.com/Default0e02.html]
[www.glemcoparts.com/Default65b3.html]
[www.glemcoparts.com/Default5c11.html]
[www.glemcoparts.com/Defaultc470.html]
[www.glemcoparts.com/Default7059.html]
[www.glemcoparts.com/Default0b3c.html]
[www.glemcoparts.com/Default9e3e.html]
[www.glemcoparts.com/Defaulta2d5.html]
[www.glemcoparts.com/Default3404.html]
[www.glemcoparts.com/Defaultde97.html]
[www.glemcoparts.com/Default436d.html]
[www.glemcoparts.com/Default0e02.html]
[www.glemcoparts.com/Default57af.html]
[www.glemcoparts.com/Default5c11.html]
[www.glemcoparts.com/Default7059.html]
[www.glemcoparts.com/Defaultdb30.html]
[www.glemcoparts.com/Default3711.html]
[www.glemcoparts.com/Default0b3c.html]
[www.glemcoparts.com/Default9e3e.html]
[www.glemcoparts.com/Defaulta2d5.html]
[www.glemcoparts.com/Defaultcf6d.html]
[www.glemcoparts.com/Default436d.html]
[www.glemcoparts.com/Defaulta48a.html]
[www.glemcoparts.com/Default57af.html]
[www.glemcoparts.com/Default21ba.html]
[www.glemcoparts.com/Defaultdb30.html]
[www.glemcoparts.com/Default78d5.html]
[www.glemcoparts.com/Default3711.html]
[www.glemcoparts.com/Default5f88.html]
[www.glemcoparts.com/Defaultcf6d.html]
[www.glemcoparts.com/Default90b6.html]
[www.glemcoparts.com/Defaulta48a.html]
[www.glemcoparts.com/Defaultb40e.html]
[www.glemcoparts.com/Default21ba.html]
[www.glemcoparts.com/Defaultcda6.html]
[www.glemcoparts.com/Default78d5.html]
[www.glemcoparts.com/Defaultd760.html]
[www.glemcoparts.com/Default5f88.html]
[www.glemcoparts.com/Defaultf92c.html]
[www.glemcoparts.com/Default90b6.html]
[www.glemcoparts.com/Defaultaba6.html]
[www.glemcoparts.com/Defaultb40e.html]
[www.glemcoparts.com/Default3dff.html]
[www.glemcoparts.com/Defaultcda6.html]
[www.glemcoparts.com/Default691f.html]
[www.glemcoparts.com/Defaultd760.html]
[www.glemcoparts.com/Default87a8.html]
[www.glemcoparts.com/Defaultf92c.html]
[www.glemcoparts.com/Defaultfddf.html]
[www.glemcoparts.com/Defaultaba6.html]
[www.glemcoparts.com/Default6e96.html]
[www.glemcoparts.com/Default3dff.html]
[www.glemcoparts.com/Default532c.html]
[www.glemcoparts.com/Default691f.html]
[www.glemcoparts.com/Defaultdd9a.html]
[www.glemcoparts.com/Default87a8.html]
[www.glemcoparts.com/Defaulte5e5.html]
[www.glemcoparts.com/Defaultfddf.html]
[www.glemcoparts.com/Defaultee4a.html]
[www.glemcoparts.com/Default6e96.html]
[www.glemcoparts.com/Default5b11.html]
[www.glemcoparts.com/Default532c.html]
[www.glemcoparts.com/Default08a5.html]
[www.glemcoparts.com/Defaultdd9a.html]
[www.glemcoparts.com/Default07e4.html]
[www.glemcoparts.com/Defaulte5e5.html]
[www.glemcoparts.com/Default202d.html]
[www.glemcoparts.com/Defaultee4a.html]
[www.glemcoparts.com/Default51ee.html]
[www.glemcoparts.com/Default5b11.html]
[www.glemcoparts.com/Defaultf86e.html]
[www.glemcoparts.com/Default08a5.html]
[www.glemcoparts.com/Defaultdd6d.html]
[www.glemcoparts.com/Default07e4.html]
[www.glemcoparts.com/Default634e.html]
[www.glemcoparts.com/Default202d.html]
[www.glemcoparts.com/Default682a.html]
[www.glemcoparts.com/Default51ee.html]
[www.glemcoparts.com/Default44c5.html]
[www.glemcoparts.com/Defaultf86e.html]
[www.glemcoparts.com/Defaultc4e3.html]
[www.glemcoparts.com/Defaultdd6d.html]
[www.glemcoparts.com/Default6d1e.html]
[www.glemcoparts.com/Default634e.html]
[www.glemcoparts.com/Default2adb.html]
[www.glemcoparts.com/Default682a.html]
[www.glemcoparts.com/Default44c5.html]
[www.glemcoparts.com/Default14bd.html]
[www.glemcoparts.com/Defaultc4e3.html]
[www.glemcoparts.com/Defaultafd5.html]
[www.glemcoparts.com/Default6d1e.html]
[www.glemcoparts.com/Defaultedf6.html]
[www.glemcoparts.com/Default2adb.html]
[www.glemcoparts.com/Defaulta053.html]
[www.glemcoparts.com/Defaultbd45.html]
[www.glemcoparts.com/Defaultb624.html]
[www.glemcoparts.com/Default14bd.html]
[www.glemcoparts.com/Default13f2.html]
[www.glemcoparts.com/Defaultafd5.html]
[www.glemcoparts.com/Default3d07.html]
[www.glemcoparts.com/Defaultedf6.html]
[www.glemcoparts.com/Defaulta053.html]
[www.glemcoparts.com/Defaultfe78.html]
[www.glemcoparts.com/Defaultb624.html]
[www.glemcoparts.com/Defaultb8e9.html]
[www.glemcoparts.com/Default13f2.html]
[www.glemcoparts.com/Defaulte1d5.html]
[www.glemcoparts.com/Default3d07.html]
[www.glemcoparts.com/Defaultf3c7.html]
[www.glemcoparts.com/Defaulta892.html]
[www.glemcoparts.com/Default5e0c.html]
[www.glemcoparts.com/Defaultfe78.html]
[www.glemcoparts.com/Defaultdecd.html]
[www.glemcoparts.com/Defaultb8e9.html]
[www.glemcoparts.com/Default870b.html]
[www.glemcoparts.com/Defaulte1d5.html]
[www.glemcoparts.com/Default15a3.html]
[www.glemcoparts.com/Defaultf3c7.html]
[www.glemcoparts.com/Defaultb8df.html]
[www.glemcoparts.com/Default5e0c.html]
[www.glemcoparts.com/Default0aac.html]
[www.glemcoparts.com/Defaultdecd.html]
[www.glemcoparts.com/Default730f.html]
[www.glemcoparts.com/Default870b.html]
[www.glemcoparts.com/Default7b03.html]
[www.glemcoparts.com/Default15a3.html]
[www.glemcoparts.com/Defaultfa31.html]
[www.glemcoparts.com/Defaultb8df.html]
[www.glemcoparts.com/Defaultd063.html]
[www.glemcoparts.com/Default0aac.html]
[www.glemcoparts.com/Defaulta8ab.html]
[www.glemcoparts.com/Default730f.html]
[www.glemcoparts.com/Default7d49.html]
[www.glemcoparts.com/Default7b03.html]
[www.glemcoparts.com/Default4b1e.html]
[www.glemcoparts.com/Defaultfa31.html]
[www.glemcoparts.com/Default597e.html]
[www.glemcoparts.com/Defaultd063.html]
[www.glemcoparts.com/Default10e0.html]
[www.glemcoparts.com/Defaulta8ab.html]
[www.glemcoparts.com/Default2f85.html]
[www.glemcoparts.com/Default7d49.html]
[www.glemcoparts.com/Default41f7.html]
[www.glemcoparts.com/Default4b1e.html]
[www.glemcoparts.com/Defaultdf5c.html]
[www.glemcoparts.com/Default597e.html]
[www.glemcoparts.com/Default0f15.html]
[www.glemcoparts.com/Default10e0.html]
[www.glemcoparts.com/Defaultaf2c.html]
[www.glemcoparts.com/Default2f85.html]
[www.glemcoparts.com/Default838b.html]
[www.glemcoparts.com/Default41f7.html]
[www.glemcoparts.com/Default0fc7.html]
[www.glemcoparts.com/Defaultdf5c.html]
[www.glemcoparts.com/Default6b8b.html]
[www.glemcoparts.com/Default0f15.html]
[www.glemcoparts.com/Default4d97.html]
[www.glemcoparts.com/Defaultaf2c.html]
[www.glemcoparts.com/Default838b.html]
[www.glemcoparts.com/Default595d.html]
[www.glemcoparts.com/Default0fc7.html]
[www.glemcoparts.com/Defaultbd63.html]
[www.glemcoparts.com/Default6b8b.html]
[www.glemcoparts.com/Default8706.html]
[www.glemcoparts.com/Default4d97.html]
[www.glemcoparts.com/Default59cf.html]
[www.glemcoparts.com/Default70a8.html]
[www.glemcoparts.com/Default4fca.html]
[www.glemcoparts.com/Default595d.html]
[www.glemcoparts.com/Default8750.html]
[www.glemcoparts.com/Defaultbd63.html]
[www.glemcoparts.com/Default722b.html]
[www.glemcoparts.com/Default8706.html]
[www.glemcoparts.com/Default2299.html]
[www.glemcoparts.com/Default59cf.html]
[www.glemcoparts.com/Default4fca.html]
[www.glemcoparts.com/Default8750.html]
[www.glemcoparts.com/Default6689.html]
[www.glemcoparts.com/Default722b.html]
[www.glemcoparts.com/Defaulte33b.html]
[www.glemcoparts.com/Default2299.html]
[www.glemcoparts.com/Defaultea6e.html]
[www.glemcoparts.com/Default1d65.html]
[www.glemcoparts.com/Defaulta588.html]
[www.glemcoparts.com/Default6050.html]
[www.glemcoparts.com/Default6689.html]
[www.glemcoparts.com/Default9c7d.html]
[www.glemcoparts.com/Defaulte33b.html]
[www.glemcoparts.com/Default5da5.html]
[www.glemcoparts.com/Defaulte286.html]
[www.glemcoparts.com/Defaulta573.html]
[www.glemcoparts.com/Default1d65.html]
[www.glemcoparts.com/Defaultd5f6.html]
[www.glemcoparts.com/Default6050.html]
[www.glemcoparts.com/Default87ec.html]
[www.glemcoparts.com/Default9c7d.html]
[www.glemcoparts.com/Defaultc644.html]
[www.glemcoparts.com/Default5da5.html]
[www.glemcoparts.com/Default645a.html]
[www.glemcoparts.com/Defaulta573.html]
[www.glemcoparts.com/Default7232.html]
[www.glemcoparts.com/Defaultd5f6.html]
[www.glemcoparts.com/Default5ac5.html]
[www.glemcoparts.com/Default87ec.html]
[www.glemcoparts.com/Defaulta336.html]
[www.glemcoparts.com/Defaultc644.html]
[www.glemcoparts.com/Default0fdd.html]
[www.glemcoparts.com/Default645a.html]
[www.glemcoparts.com/Default6bec.html]
[www.glemcoparts.com/Default7232.html]
[www.glemcoparts.com/Default3e3b.html]
[www.glemcoparts.com/Default5ac5.html]
[www.glemcoparts.com/Default60d8.html]
[www.glemcoparts.com/Defaulta336.html]
[www.glemcoparts.com/Defaultf6fe.html]
[www.glemcoparts.com/Default0fdd.html]
[www.glemcoparts.com/Default9820.html]
[www.glemcoparts.com/Default6bec.html]
[www.glemcoparts.com/Default7142.html]
[www.glemcoparts.com/Default3e3b.html]
[www.glemcoparts.com/Defaultd6c3.html]
[www.glemcoparts.com/Default60d8.html]
[www.glemcoparts.com/Default7e56.html]
[www.glemcoparts.com/Defaultf6fe.html]
[www.glemcoparts.com/Default9820.html]
[www.glemcoparts.com/Default7142.html]
[www.glemcoparts.com/Defaultf211.html]
[www.glemcoparts.com/Defaultd6c3.html]
[www.glemcoparts.com/Default6ae6.html]
[www.glemcoparts.com/Default7e56.html]
[www.glemcoparts.com/Default6580.html]
[www.glemcoparts.com/Defaultb817.html]
[www.glemcoparts.com/Default178b.html]
[www.glemcoparts.com/Default69d0.html]
[www.glemcoparts.com/Default440d.html]
[www.glemcoparts.com/Defaultf211.html]
[www.glemcoparts.com/Default6ae6.html]
[www.glemcoparts.com/Default1ae5.html]
[www.glemcoparts.com/Default6580.html]
[www.glemcoparts.com/Default7d24.html]
[www.glemcoparts.com/Default178b.html]
[www.glemcoparts.com/Default5c57.html]
[www.glemcoparts.com/Default440d.html]
[www.glemcoparts.com/Defaultcf13.html]
[www.glemcoparts.com/Defaulta486.html]
[www.glemcoparts.com/Default1ae5.html]
[www.glemcoparts.com/Default91db.html]
[www.glemcoparts.com/Default7d24.html]
[www.glemcoparts.com/Default40cd.html]
[www.glemcoparts.com/Default5c57.html]
[www.glemcoparts.com/Default7310.html]
[www.glemcoparts.com/Default2172.html]
[www.glemcoparts.com/Defaultff51.html]
[www.glemcoparts.com/Defaulta486.html]
[www.glemcoparts.com/Default5039.html]
[www.glemcoparts.com/Default91db.html]
[www.glemcoparts.com/Default76a2.html]
[www.glemcoparts.com/Default40cd.html]
[www.glemcoparts.com/Default5b58.html]
[www.glemcoparts.com/Default7310.html]
[www.glemcoparts.com/Default9121.html]
[www.glemcoparts.com/Defaultff51.html]
[www.glemcoparts.com/Default8fa7.html]
[www.glemcoparts.com/Default5039.html]
[www.glemcoparts.com/Default6443.html]
[www.glemcoparts.com/Default76a2.html]
[www.glemcoparts.com/Default5b58.html]
[www.glemcoparts.com/Default78f2.html]
[www.glemcoparts.com/Default9121.html]
[www.glemcoparts.com/Default28dd.html]
[www.glemcoparts.com/Default0864.html]
[www.glemcoparts.com/Default8fa7.html]
[www.glemcoparts.com/Default0a6b.html]
[www.glemcoparts.com/Default6443.html]
[www.glemcoparts.com/Defaultbbf8.html]
[www.glemcoparts.com/Default78f2.html]
[www.glemcoparts.com/Default99bb.html]
[www.glemcoparts.com/Default28dd.html]
[www.glemcoparts.com/Default79a2.html]
[www.glemcoparts.com/Default0864.html]
[www.glemcoparts.com/Defaultfdee.html]
[www.glemcoparts.com/Default0a6b.html]
[www.glemcoparts.com/Defaultc616.html]
[www.glemcoparts.com/Defaultbbf8.html]
[www.glemcoparts.com/Default4ff2.html]
[www.glemcoparts.com/Default99bb.html]
[www.glemcoparts.com/Default04ad.html]
[www.glemcoparts.com/Default79a2.html]
[www.glemcoparts.com/Defaultd8a4.html]
[www.glemcoparts.com/Defaultfdee.html]
[www.glemcoparts.com/Default8211.html]
[www.glemcoparts.com/Defaultc616.html]
[www.glemcoparts.com/Default978a.html]
[www.glemcoparts.com/Default4ff2.html]
[www.glemcoparts.com/Defaultdbd6.html]
[www.glemcoparts.com/Default04ad.html]
[www.glemcoparts.com/Default1e95.html]
[www.glemcoparts.com/Defaultd8a4.html]
[www.glemcoparts.com/Defaultf014.html]
[www.glemcoparts.com/Default8211.html]
[www.glemcoparts.com/Defaultf135.html]
[www.glemcoparts.com/Default978a.html]
[www.glemcoparts.com/Defaultdc87.html]
[www.glemcoparts.com/Defaultdbd6.html]
[www.glemcoparts.com/Default25e6.html]
[www.glemcoparts.com/Default1e95.html]
[www.glemcoparts.com/Defaultc2f4.html]
[www.glemcoparts.com/Defaultf014.html]
[www.glemcoparts.com/Default2aac.html]
[www.glemcoparts.com/Defaultf135.html]
[www.glemcoparts.com/Defaultda43.html]
[www.glemcoparts.com/Defaultdc87.html]
[www.glemcoparts.com/Defaultde31.html]
[www.glemcoparts.com/Default25e6.html]
[www.glemcoparts.com/Default5da9.html]
[www.glemcoparts.com/Defaultc2f4.html]
[www.glemcoparts.com/Defaulta637.html]
[www.glemcoparts.com/Default2aac.html]
[www.glemcoparts.com/Default1574.html]
[www.glemcoparts.com/Defaultda43.html]
[www.glemcoparts.com/Default7e21.html]
[www.glemcoparts.com/Defaultde31.html]
[www.glemcoparts.com/Defaultf9f9.html]
[www.glemcoparts.com/Default5da9.html]
[www.glemcoparts.com/Defaultb403.html]
[www.glemcoparts.com/Defaulta637.html]
[www.glemcoparts.com/Defaulte213.html]
[www.glemcoparts.com/Default1574.html]
[www.glemcoparts.com/Default82c1.html]
[www.glemcoparts.com/Default7e21.html]
[www.glemcoparts.com/Default73ef.html]
[www.glemcoparts.com/Defaultf9f9.html]
[www.glemcoparts.com/Default3239.html]
[www.glemcoparts.com/Defaultb403.html]
[www.glemcoparts.com/Default3f56.html]
[www.glemcoparts.com/Defaulte213.html]
[www.glemcoparts.com/Default3392.html]
[www.glemcoparts.com/Default82c1.html]
[www.glemcoparts.com/Default1bc0.html]
[www.glemcoparts.com/Default73ef.html]
[www.glemcoparts.com/Default1023.html]
[www.glemcoparts.com/Default3239.html]
[www.glemcoparts.com/Default5981.html]
[www.glemcoparts.com/Default3f56.html]
[www.glemcoparts.com/Defaultc086.html]
[www.glemcoparts.com/Default3392.html]
[www.glemcoparts.com/Default4f6b.html]
[www.glemcoparts.com/Default1bc0.html]
[www.glemcoparts.com/Defaultdf93.html]
[www.glemcoparts.com/Default1023.html]
[www.glemcoparts.com/Defaultcca0.html]
[www.glemcoparts.com/Default5981.html]
[www.glemcoparts.com/Defaultb737.html]
[www.glemcoparts.com/Defaultc086.html]
[www.glemcoparts.com/Default6278.html]
[www.glemcoparts.com/Default4f6b.html]
[www.glemcoparts.com/Default40b0.html]
[www.glemcoparts.com/Defaultdf93.html]
[www.glemcoparts.com/Default8056.html]
[www.glemcoparts.com/Defaultcca0.html]
[www.glemcoparts.com/Default6d5e.html]
[www.glemcoparts.com/Defaultb737.html]
[www.glemcoparts.com/Default771b.html]
[www.glemcoparts.com/Default6278.html]
[www.glemcoparts.com/Default1620.html]
[www.glemcoparts.com/Default40b0.html]
[www.glemcoparts.com/Default3969.html]
[www.glemcoparts.com/Default8056.html]
[www.glemcoparts.com/Default526a.html]
[www.glemcoparts.com/Default6d5e.html]
[www.glemcoparts.com/Defaulta827.html]
[www.glemcoparts.com/Default771b.html]
[www.glemcoparts.com/Default80d2.html]
[www.glemcoparts.com/Default1620.html]
[www.glemcoparts.com/Default4106.html]
[www.glemcoparts.com/Default3969.html]
[www.glemcoparts.com/Defaultfc92.html]
[www.glemcoparts.com/Default526a.html]
[www.glemcoparts.com/Defaultee49.html]
[www.glemcoparts.com/Defaulta827.html]
[www.glemcoparts.com/Default6055.html]
[www.glemcoparts.com/Default80d2.html]
[www.glemcoparts.com/Default24b3.html]
[www.glemcoparts.com/Default4106.html]
[www.glemcoparts.com/Default4867.html]
[www.glemcoparts.com/Defaultfc92.html]
[www.glemcoparts.com/Defaultd352.html]
[www.glemcoparts.com/Defaultee49.html]
[www.glemcoparts.com/Default0e2c.html]
[www.glemcoparts.com/Default6055.html]
[www.glemcoparts.com/Defaultabc6.html]
[www.glemcoparts.com/Default24b3.html]
[www.glemcoparts.com/Defaulteea2.html]
[www.glemcoparts.com/Default4867.html]
[www.glemcoparts.com/Default1996.html]
[www.glemcoparts.com/Defaultd352.html]
[www.glemcoparts.com/Defaultd8d7.html]
[www.glemcoparts.com/Default0e2c.html]
[www.glemcoparts.com/Default5cb4.html]
[www.glemcoparts.com/Defaultabc6.html]
[www.glemcoparts.com/Defaulte1d2.html]
[www.glemcoparts.com/Defaulteea2.html]
[www.glemcoparts.com/Default5787.html]
[www.glemcoparts.com/Default1996.html]
[www.glemcoparts.com/Default5119.html]
[www.glemcoparts.com/Defaultd8d7.html]
[www.glemcoparts.com/Default881f.html]
[www.glemcoparts.com/Default5cb4.html]
[www.glemcoparts.com/Default8042.html]
[www.glemcoparts.com/Defaulte1d2.html]
[www.glemcoparts.com/Default6dd1.html]
[www.glemcoparts.com/Default5787.html]
[www.glemcoparts.com/Default04d1.html]
[www.glemcoparts.com/Default5119.html]
[www.glemcoparts.com/Default747a.html]
[www.glemcoparts.com/Default881f.html]
[www.glemcoparts.com/Defaultfe83.html]
[www.glemcoparts.com/Default8042.html]
[www.glemcoparts.com/Default6c20.html]
[www.glemcoparts.com/Default6dd1.html]
[www.glemcoparts.com/Defaulta29e.html]
[www.glemcoparts.com/Default04d1.html]
[www.glemcoparts.com/Default36b2.html]
[www.glemcoparts.com/Default747a.html]
[www.glemcoparts.com/Default8924.html]
[www.glemcoparts.com/Defaultfe83.html]
[www.glemcoparts.com/Default7a1f.html]
[www.glemcoparts.com/Default6c20.html]
[www.glemcoparts.com/Default4aa4.html]
[www.glemcoparts.com/Defaulta29e.html]
[www.glemcoparts.com/Default6a36.html]
[www.glemcoparts.com/Default36b2.html]
[www.glemcoparts.com/Default8f16.html]
[www.glemcoparts.com/Default8924.html]
[www.glemcoparts.com/Default4cd0.html]
[www.glemcoparts.com/Default7a1f.html]
[www.glemcoparts.com/Default076a.html]
[www.glemcoparts.com/Default4aa4.html]
[www.glemcoparts.com/Defaultf3d0.html]
[www.glemcoparts.com/Default6a36.html]
[www.glemcoparts.com/Default6128.html]
[www.glemcoparts.com/Default8f16.html]
[www.glemcoparts.com/Defaultb6e1.html]
[www.glemcoparts.com/Default4cd0.html]
[www.glemcoparts.com/Defaulted79.html]
[www.glemcoparts.com/Default076a.html]
[www.glemcoparts.com/Defaulte306.html]
[www.glemcoparts.com/Defaultf3d0.html]
[www.glemcoparts.com/Default05e8.html]
[www.glemcoparts.com/Default6128.html]
[www.glemcoparts.com/Default2b1b.html]
[www.glemcoparts.com/Defaultb6e1.html]
[www.glemcoparts.com/Default19aa.html]
[www.glemcoparts.com/Defaulted79.html]
[www.glemcoparts.com/Default2e85.html]
[www.glemcoparts.com/Defaulte306.html]
[www.glemcoparts.com/Default378f.html]
[www.glemcoparts.com/Default05e8.html]
[www.glemcoparts.com/Defaulte0cf.html]
[www.glemcoparts.com/Default2b1b.html]
[www.glemcoparts.com/Default7b4c.html]
[www.glemcoparts.com/Default19aa.html]
[www.glemcoparts.com/Default5be1.html]
[www.glemcoparts.com/Default2e85.html]
[www.glemcoparts.com/Default8ac9.html]
[www.glemcoparts.com/Default378f.html]
[www.glemcoparts.com/Default687a.html]
[www.glemcoparts.com/Defaulte0cf.html]
[www.glemcoparts.com/Default6de1.html]
[www.glemcoparts.com/Default7b4c.html]
[www.glemcoparts.com/Default5f96.html]
[www.glemcoparts.com/Default5be1.html]
[www.glemcoparts.com/Default8ac9.html]
[www.glemcoparts.com/Default3336.html]
[www.glemcoparts.com/Default687a.html]
[www.glemcoparts.com/Default3a6c.html]
[www.glemcoparts.com/Default6de1.html]
[www.glemcoparts.com/Defaulte43c.html]
[www.glemcoparts.com/Default5f96.html]
[www.glemcoparts.com/Defaultee20.html]
[www.glemcoparts.com/Default3724.html]
[www.glemcoparts.com/Default6782.html]
[www.glemcoparts.com/Default3336.html]
[www.glemcoparts.com/Default47e0.html]
[www.glemcoparts.com/Default3a6c.html]
[www.glemcoparts.com/Defaultc81c.html]
[www.glemcoparts.com/Defaulte43c.html]
[www.glemcoparts.com/Default51f4.html]
[www.glemcoparts.com/Defaultee20.html]
[www.glemcoparts.com/Default903b.html]
[www.glemcoparts.com/Default6782.html]
[www.glemcoparts.com/Default47e0.html]
[www.glemcoparts.com/Defaulte87f.html]
[www.glemcoparts.com/Defaultc81c.html]
[www.glemcoparts.com/Defaultce23.html]
[www.glemcoparts.com/Default51f4.html]
[www.glemcoparts.com/Defaultefb7.html]
[www.glemcoparts.com/Default903b.html]
[www.glemcoparts.com/Defaultc514.html]
[www.glemcoparts.com/Default5dd8.html]
[www.glemcoparts.com/Default04f9.html]
[www.glemcoparts.com/Defaulte87f.html]
[www.glemcoparts.com/Default2876.html]
[www.glemcoparts.com/Defaultce23.html]
[www.glemcoparts.com/Defaultd748.html]
[www.glemcoparts.com/Defaultefb7.html]
[www.glemcoparts.com/Default5335.html]
[www.glemcoparts.com/Defaultc514.html]
[www.glemcoparts.com/Defaultc021.html]
[www.glemcoparts.com/Default04f9.html]
[www.glemcoparts.com/Default2876.html]
[www.glemcoparts.com/Defaultc5f9.html]
[www.glemcoparts.com/Defaultd748.html]
[www.glemcoparts.com/Defaultce95.html]
[www.glemcoparts.com/Default5335.html]
[www.glemcoparts.com/Default5f43.html]
[www.glemcoparts.com/Defaultc021.html]
[www.glemcoparts.com/Defaultcdef.html]
[www.glemcoparts.com/Default6360.html]
[www.glemcoparts.com/Defaultec75.html]
[www.glemcoparts.com/Defaultc5f9.html]
[www.glemcoparts.com/Default3d46.html]
[www.glemcoparts.com/Defaultce95.html]
[www.glemcoparts.com/Default696d.html]
[www.glemcoparts.com/Default5f43.html]
[www.glemcoparts.com/Defaulta629.html]
[www.glemcoparts.com/Defaultcdef.html]
[www.glemcoparts.com/Defaulte3d7.html]
[www.glemcoparts.com/Defaultec75.html]
[www.glemcoparts.com/Defaulteff5.html]
[www.glemcoparts.com/Default3d46.html]
[www.glemcoparts.com/Default3893.html]
[www.glemcoparts.com/Default696d.html]
[www.glemcoparts.com/Defaulte084.html]
[www.glemcoparts.com/Defaulta629.html]
[www.glemcoparts.com/Default8c32.html]
[www.glemcoparts.com/Defaulte3d7.html]
[www.glemcoparts.com/Defaultf211-2.html]
[www.glemcoparts.com/Defaulteff5.html]
[www.glemcoparts.com/Default69b5.html]
[www.glemcoparts.com/Default3893.html]
[www.glemcoparts.com/Default2e54.html]
[www.glemcoparts.com/Defaulte084.html]
[www.glemcoparts.com/Defaultac0c.html]
[www.glemcoparts.com/Default8c32.html]
[www.glemcoparts.com/Defaultb53c.html]
[www.glemcoparts.com/Defaultf211-2.html]
[www.glemcoparts.com/Default0d8f.html]
[www.glemcoparts.com/Default69b5.html]
[www.glemcoparts.com/Defaultcf8c.html]
[www.glemcoparts.com/Default2e54.html]
[www.glemcoparts.com/Default0403.html]
[www.glemcoparts.com/Defaultac0c.html]
[www.glemcoparts.com/Default5c9e.html]
[www.glemcoparts.com/Defaultb53c.html]
[www.glemcoparts.com/Defaulta552.html]
[www.glemcoparts.com/Default0d8f.html]
[www.glemcoparts.com/Defaultcc07.html]
[www.glemcoparts.com/Defaultcf8c.html]
[www.glemcoparts.com/Default51a6.html]
[www.glemcoparts.com/Default0403.html]
[www.glemcoparts.com/Default0655.html]
[www.glemcoparts.com/Default5c9e.html]
[www.glemcoparts.com/Defaulted47.html]
[www.glemcoparts.com/Defaulta552.html]
[www.glemcoparts.com/Default2fc1.html]
[www.glemcoparts.com/Defaultcc07.html]
[www.glemcoparts.com/Default300c.html]
[www.glemcoparts.com/Default51a6.html]
[www.glemcoparts.com/Default3f19.html]
[www.glemcoparts.com/Default0655.html]
[www.glemcoparts.com/Default13f5.html]
[www.glemcoparts.com/Defaulted47.html]
[www.glemcoparts.com/Default2ef2.html]
[www.glemcoparts.com/Default2fc1.html]
[www.glemcoparts.com/Default4494.html]
[www.glemcoparts.com/Default300c.html]
[www.glemcoparts.com/Defaultc3d5.html]
[www.glemcoparts.com/Default3f19.html]
[www.glemcoparts.com/Default034d.html]
[www.glemcoparts.com/Default13f5.html]
[www.glemcoparts.com/Default0162.html]
[www.glemcoparts.com/Default2ef2.html]
[www.glemcoparts.com/Defaulta636.html]
[www.glemcoparts.com/Default4494.html]
[www.glemcoparts.com/Defaultd6dd.html]
[www.glemcoparts.com/Defaultc3d5.html]
[www.glemcoparts.com/Defaulta6e6.html]
[www.glemcoparts.com/Default034d.html]
[www.glemcoparts.com/Default0b84.html]
[www.glemcoparts.com/Default0162.html]
[www.glemcoparts.com/Default7735.html]
[www.glemcoparts.com/Defaulta636.html]
[www.glemcoparts.com/Defaultde68.html]
[www.glemcoparts.com/Defaultd6dd.html]
[www.glemcoparts.com/Default66e4.html]
[www.glemcoparts.com/Defaulta6e6.html]
[www.glemcoparts.com/Default5493.html]
[www.glemcoparts.com/Default0b84.html]
[www.glemcoparts.com/Defaultbfa6.html]
[www.glemcoparts.com/Default7735.html]
[www.glemcoparts.com/Default7cfa.html]
[www.glemcoparts.com/Defaultde68.html]
[www.glemcoparts.com/Defaulte4c9.html]
[www.glemcoparts.com/Default66e4.html]
[www.glemcoparts.com/Default3d42.html]
[www.glemcoparts.com/Default5493.html]
[www.glemcoparts.com/Default3ed0.html]
[www.glemcoparts.com/Defaultbfa6.html]
[www.glemcoparts.com/Default3c91.html]
[www.glemcoparts.com/Default7cfa.html]
[www.glemcoparts.com/Default13e8.html]
[www.glemcoparts.com/Defaulte4c9.html]
[www.glemcoparts.com/Default63bf.html]
[www.glemcoparts.com/Default3d42.html]
[www.glemcoparts.com/Default9be1.html]
[www.glemcoparts.com/Default3ed0.html]
[www.glemcoparts.com/Default300d.html]
[www.glemcoparts.com/Default3c91.html]
[www.glemcoparts.com/Default9e84.html]
[www.glemcoparts.com/Default13e8.html]
[www.glemcoparts.com/Default6425.html]
[www.glemcoparts.com/Default63bf.html]
[www.glemcoparts.com/Default5475.html]
[www.glemcoparts.com/Default9be1.html]
[www.glemcoparts.com/Default3885.html]
[www.glemcoparts.com/Default300d.html]
[www.glemcoparts.com/Defaulted7d.html]
[www.glemcoparts.com/Default9e84.html]
[www.glemcoparts.com/Default6425.html]
[www.glemcoparts.com/Default72de.html]
[www.glemcoparts.com/Default5475.html]
[www.glemcoparts.com/Default99d1.html]
[www.glemcoparts.com/Default3885.html]
[www.glemcoparts.com/Defaultf0c4.html]
[www.glemcoparts.com/Defaulted7d.html]
[www.glemcoparts.com/Default98b4.html]
[www.glemcoparts.com/Default7082.html]
[www.glemcoparts.com/Defaultc261.html]
[www.glemcoparts.com/Default72de.html]
[www.glemcoparts.com/Default49ee.html]
[www.glemcoparts.com/Default99d1.html]
[www.glemcoparts.com/Default6abd.html]
[www.glemcoparts.com/Defaultf0c4.html]
[www.glemcoparts.com/Defaultea5e.html]
[www.glemcoparts.com/Default98b4.html]
[www.glemcoparts.com/Defaultc261.html]
[www.glemcoparts.com/Default2794.html]
[www.glemcoparts.com/Default49ee.html]
[www.glemcoparts.com/Defaulta011.html]
[www.glemcoparts.com/Default6abd.html]
[www.glemcoparts.com/Defaultd3ac.html]
[www.glemcoparts.com/Defaultea5e.html]
[www.glemcoparts.com/Default3ce5.html]
[www.glemcoparts.com/Default4e3f.html]
[www.glemcoparts.com/Defaulta347.html]
[www.glemcoparts.com/Default2794.html]
[www.glemcoparts.com/Default0b72.html]
[www.glemcoparts.com/Defaulta011.html]
[www.glemcoparts.com/Default5502.html]
[www.glemcoparts.com/Defaultd3ac.html]
[www.glemcoparts.com/Default6ef3.html]
[www.glemcoparts.com/Default3ce5.html]
[www.glemcoparts.com/Defaultaee1.html]
[www.glemcoparts.com/Defaulta347.html]
[www.glemcoparts.com/Default6290.html]
[www.glemcoparts.com/Default0b72.html]
[www.glemcoparts.com/Defaultf7ec.html]
[www.glemcoparts.com/Default5502.html]
[www.glemcoparts.com/Defaultf67c.html]
[www.glemcoparts.com/Default6ef3.html]
[www.glemcoparts.com/Defaultde7f.html]
[www.glemcoparts.com/Defaultaee1.html]
[www.glemcoparts.com/Default77ed.html]
[www.glemcoparts.com/Default6290.html]
[www.glemcoparts.com/Default7ded.html]
[www.glemcoparts.com/Defaultf7ec.html]
[www.glemcoparts.com/Default684f.html]
[www.glemcoparts.com/Defaultf67c.html]
[www.glemcoparts.com/Default8902.html]
[www.glemcoparts.com/Defaultde7f.html]
[www.glemcoparts.com/Default19fd.html]
[www.glemcoparts.com/Default77ed.html]
[www.glemcoparts.com/Default6d9a.html]
[www.glemcoparts.com/Default7ded.html]
[www.glemcoparts.com/Defaultb109.html]
[www.glemcoparts.com/Default684f.html]
[www.glemcoparts.com/Defaulta7dc.html]
[www.glemcoparts.com/Default8902.html]
[www.glemcoparts.com/Defaulte60b.html]
[www.glemcoparts.com/Default19fd.html]
[www.glemcoparts.com/Default383c.html]
[www.glemcoparts.com/Default6d9a.html]
[www.glemcoparts.com/Default31a4.html]
[www.glemcoparts.com/Defaultb109.html]
[www.glemcoparts.com/Default017f.html]
[www.glemcoparts.com/Defaulta7dc.html]
[www.glemcoparts.com/Default4368.html]
[www.glemcoparts.com/Defaulte60b.html]
[www.glemcoparts.com/Default3265.html]
[www.glemcoparts.com/Default383c.html]
[www.glemcoparts.com/Defaultb876.html]
[www.glemcoparts.com/Default31a4.html]
[www.glemcoparts.com/Default952b.html]
[www.glemcoparts.com/Default017f.html]
[www.glemcoparts.com/Default2228.html]
[www.glemcoparts.com/Default4368.html]
[www.glemcoparts.com/Defaulte91b.html]
[www.glemcoparts.com/Default3265.html]
[www.glemcoparts.com/Default4c06.html]
[www.glemcoparts.com/Defaultb876.html]
[www.glemcoparts.com/Defaultd28c.html]
[www.glemcoparts.com/Default952b.html]
[www.glemcoparts.com/Default2a7c.html]
[www.glemcoparts.com/Default2228.html]
[www.glemcoparts.com/Defaultbea8.html]
[www.glemcoparts.com/Defaulte91b.html]
[www.glemcoparts.com/Default6ca7.html]
[www.glemcoparts.com/Default4c06.html]
[www.glemcoparts.com/Defaultdeb9.html]
[www.glemcoparts.com/Defaultd28c.html]
[www.glemcoparts.com/Default6d09.html]
[www.glemcoparts.com/Default2a7c.html]
[www.glemcoparts.com/Default3af3.html]
[www.glemcoparts.com/Defaultbea8.html]
[www.glemcoparts.com/Default87f6.html]
[www.glemcoparts.com/Default6ca7.html]
[www.glemcoparts.com/Defaultdcd5.html]
[www.glemcoparts.com/Defaultdeb9.html]
[www.glemcoparts.com/Default8460.html]
[www.glemcoparts.com/Default6d09.html]
[www.glemcoparts.com/Defaultfb3a.html]
[www.glemcoparts.com/Default3af3.html]
[www.glemcoparts.com/Defaultb4c1.html]
[www.glemcoparts.com/Default87f6.html]
[www.glemcoparts.com/Default458b.html]
[www.glemcoparts.com/Defaultdcd5.html]
[www.glemcoparts.com/Defaultaa81.html]
[www.glemcoparts.com/Default8460.html]
[www.glemcoparts.com/Defaulteb9b.html]
[www.glemcoparts.com/Defaultfb3a.html]
[www.glemcoparts.com/Defaulta72d.html]
[www.glemcoparts.com/Defaultb4c1.html]
[www.glemcoparts.com/Defaultd8d9.html]
[www.glemcoparts.com/Default458b.html]
[www.glemcoparts.com/Default35a3.html]
[www.glemcoparts.com/Defaultaa81.html]
[www.glemcoparts.com/Defaulte9d7.html]
[www.glemcoparts.com/Defaulteb9b.html]
[www.glemcoparts.com/Defaultbd5f.html]
[www.glemcoparts.com/Defaulta72d.html]
[www.glemcoparts.com/Defaultcd58.html]
[www.glemcoparts.com/Defaultd8d9.html]
[www.glemcoparts.com/Defaultac4b.html]
[www.glemcoparts.com/Default35a3.html]
[www.glemcoparts.com/Default0212.html]
[www.glemcoparts.com/Defaulte9d7.html]
[www.glemcoparts.com/Defaultfb93.html]
[www.glemcoparts.com/Defaultbd5f.html]
[www.glemcoparts.com/Default75af.html]
[www.glemcoparts.com/Defaultcd58.html]
[www.glemcoparts.com/Defaultf2c9.html]
[www.glemcoparts.com/Defaultac4b.html]
[www.glemcoparts.com/Default9aa9.html]
[www.glemcoparts.com/Default0212.html]
[www.glemcoparts.com/Defaultfb19.html]
[www.glemcoparts.com/Defaultfb93.html]
[www.glemcoparts.com/Defaultc01d.html]
[www.glemcoparts.com/Default75af.html]
[www.glemcoparts.com/Default7ef4.html]
[www.glemcoparts.com/Defaultf2c9.html]
[www.glemcoparts.com/Default3293.html]
[www.glemcoparts.com/Default9aa9.html]
[www.glemcoparts.com/Default7140.html]
[www.glemcoparts.com/Defaultfb19.html]
[www.glemcoparts.com/Defaultd712.html]
[www.glemcoparts.com/Defaultc01d.html]
[www.glemcoparts.com/Default40bb.html]
[www.glemcoparts.com/Default7ef4.html]
[www.glemcoparts.com/Default9506.html]
[www.glemcoparts.com/Default3293.html]
[www.glemcoparts.com/Defaultfce6.html]
[www.glemcoparts.com/Default7140.html]
[www.glemcoparts.com/Defaulta337.html]
[www.glemcoparts.com/Defaultd712.html]
[www.glemcoparts.com/Defaultf5e5.html]
[www.glemcoparts.com/Default40bb.html]
[www.glemcoparts.com/Defaultc7e5.html]
[www.glemcoparts.com/Default9506.html]
[www.glemcoparts.com/Default104f.html]
[www.glemcoparts.com/Defaultfce6.html]
[www.glemcoparts.com/Defaultab8f.html]
[www.glemcoparts.com/Defaulta337.html]
[www.glemcoparts.com/Default0241.html]
[www.glemcoparts.com/Defaultf5e5.html]
[www.glemcoparts.com/Default55fd.html]
[www.glemcoparts.com/Defaultc7e5.html]
[www.glemcoparts.com/Default94de.html]
[www.glemcoparts.com/Default104f.html]
[www.glemcoparts.com/Defaultba2f.html]
[www.glemcoparts.com/Defaultab8f.html]
[www.glemcoparts.com/Default25ed.html]
[www.glemcoparts.com/Default0241.html]
[www.glemcoparts.com/Default6812.html]
[www.glemcoparts.com/Default55fd.html]
[www.glemcoparts.com/Defaultb732.html]
[www.glemcoparts.com/Default94de.html]
[www.glemcoparts.com/Default2bf4.html]
[www.glemcoparts.com/Defaultba2f.html]
[www.glemcoparts.com/Defaultfa16.html]
[www.glemcoparts.com/Default25ed.html]
[www.glemcoparts.com/Defaultdfde.html]
[www.glemcoparts.com/Default6812.html]
[www.glemcoparts.com/Default6916.html]
[www.glemcoparts.com/Defaultb732.html]
[www.glemcoparts.com/Default48f6.html]
[www.glemcoparts.com/Default2bf4.html]
[www.glemcoparts.com/Defaultfa16.html]
[www.glemcoparts.com/Defaultdfde.html]
[www.glemcoparts.com/Default6916.html]
[www.glemcoparts.com/Default48f6.html]
